Copyright 1986-2022 Xilinx, Inc. All Rights Reserved.
--------------------------------------------------------------------------------------------------------------------------------------------------------------------------------------
| Tool Version : Vivado v.2022.1 (lin64) Build 3526262 Mon Apr 18 15:47:01 MDT 2022
| Date         : Wed Feb 12 16:55:57 2025
| Host         : dewsjoe-HP-Z440-Workstation running 64-bit Ubuntu 22.04.5 LTS
| Command      : report_methodology -file design_1_wrapper_methodology_drc_routed.rpt -pb design_1_wrapper_methodology_drc_routed.pb -rpx design_1_wrapper_methodology_drc_routed.rpx
| Design       : design_1_wrapper
| Device       : xcvc1902-vsva2197-2MP-e-S
| Speed File   : -2MP
| Design State : Fully Routed
--------------------------------------------------------------------------------------------------------------------------------------------------------------------------------------

Report Methodology

Table of Contents
-----------------
1. REPORT SUMMARY
2. REPORT DETAILS

1. REPORT SUMMARY
-----------------
            Netlist: netlist
          Floorplan: design_1
      Design limits: <entire design considered>
             Max violations: <unlimited>
             Violations found: 2
+----------+----------+--------------------------------------------+------------+
| Rule     | Severity | Description                                | Violations |
+----------+----------+--------------------------------------------+------------+
| AVAL-344 | Warning  | Design_needs_USER_RAM_AVERAGE_ACTIVITY_set | 1          |
| CLKC-81  | Advisory | XPLL CLKOUT with phase shift drives no IOs | 1          |
+----------+----------+--------------------------------------------+------------+

2. REPORT DETAILS
-----------------
AVAL-344#1 Warning
Design_needs_USER_RAM_AVERAGE_ACTIVITY_set  
The design property USER_RAM_AVERAGE_ACTIVITY on the top-level current_design object is unset (or set to -1).  The estimated RAM_AVERAGE_ACTIVITY used for the design is 0 and assumes a worst-case switching scenario for the URAM and BRAM.  RAM activity directly impacts clock uncertainty and the RAM_AVERAGE_ACTIVITY property may not be accurate for designs that are not final.  It is recommended that the USER_RAM_AVERAGE_ACTIVITY property be specified.  Please refer to the Versal ACAP Clocking Resources Architecture Manual and the Versal ACAP Hardware, IP, and Platform Development Methodology User Guide for more information on specifying the USER_RAM_AVERAGE_ACTIVITY.
Related violations: <none>

CLKC-81#1 Advisory
XPLL CLKOUT with phase shift drives no IOs  
The XPLL cell design_1_i/axi_noc_0/inst/MC0_ddrc/inst/noc_ddr4_phy/inst/u_xpll0_bank1 has non-zero CLKOUT1_PHASE phase-shift for CLKOUT1, but that clock output does not drive an I/O. Using a phase-shift is not a recommended method for internal paths timing closure and it also uses more power.
Related violations: <none>


