17:13:18 **** Build of configuration Debug for project helo_world_a72_2 ****
make all 
Building file: ../src/helloworld.c
Invoking: ARM v8 gcc compiler
aarch64-none-elf-gcc -Wall -O0 -g3 -c -fmessage-length=0 -MT"src/helloworld.o" -mcpu=cortex-a72 -I/home/dewsjoe/Desktop/projects_2022.1/projects_ldg/wspace_ldg_2/vck190_platform_2/export/vck190_platform_2/sw/vck190_platform_2/standalone_domain/bspinclude/include -MMD -MP -MF"src/helloworld.d" -MT"src/helloworld.o" -o "src/helloworld.o" "../src/helloworld.c"
../src/helloworld.c: In function 'main':
../src/helloworld.c:56:5: warning: implicit declaration of function 'sleep' [-Wimplicit-function-declaration]
   56 |     sleep (1);
      |     ^~~~~
Finished building: ../src/helloworld.c
 
Building file: ../src/platform.c
Invoking: ARM v8 gcc compiler
aarch64-none-elf-gcc -Wall -O0 -g3 -c -fmessage-length=0 -MT"src/platform.o" -mcpu=cortex-a72 -I/home/dewsjoe/Desktop/projects_2022.1/projects_ldg/wspace_ldg_2/vck190_platform_2/export/vck190_platform_2/sw/vck190_platform_2/standalone_domain/bspinclude/include -MMD -MP -MF"src/platform.d" -MT"src/platform.o" -o "src/platform.o" "../src/platform.c"
Finished building: ../src/platform.c
 
Building target: helo_world_a72_2.elf
Invoking: ARM v8 gcc linker
aarch64-none-elf-gcc -mcpu=cortex-a72 -Wl,-T -Wl,../src/lscript.ld -L/home/dewsjoe/Desktop/projects_2022.1/projects_ldg/wspace_ldg_2/vck190_platform_2/export/vck190_platform_2/sw/vck190_platform_2/standalone_domain/bsplib/lib -o "helo_world_a72_2.elf" ./src/helloworld.o ./src/platform.o   -Wl,--start-group,-lxil,-lgcc,-lc,--end-group
Finished building target: helo_world_a72_2.elf
 
Invoking: ARM v8 Print Size
aarch64-none-elf-size helo_world_a72_2.elf  |tee "helo_world_a72_2.elf.size"
   text	   data	    bss	    dec	    hex	filename
 157724	   2048	  20652	 180424	  2c0c8	helo_world_a72_2.elf
Finished building: helo_world_a72_2.elf.size
 

17:13:19 Build Finished (took 734ms)

