Copyright 1986-2022 Xilinx, Inc. All Rights Reserved.
----------------------------------------------------------------------------------------------------------------------------------------------------------------------
| Tool Version     : Vivado v.2022.1 (lin64) Build 3526262 Mon Apr 18 15:47:01 MDT 2022
| Date             : Wed Feb 12 18:43:27 2025
| Host             : dewsjoe-HP-Z440-Workstation running 64-bit Ubuntu 22.04.5 LTS
| Command          : report_power -file design_1_wrapper_power_routed.rpt -pb design_1_wrapper_power_summary_routed.pb -rpx design_1_wrapper_power_routed.rpx
| Design           : design_1_wrapper
| Device           : xcvc1902-vsva2197-2MP-e-S
| Design State     : routed
| Grade            : extended
| Process          : typical
| Characterization : Production
----------------------------------------------------------------------------------------------------------------------------------------------------------------------

Power Report

Table of Contents
-----------------
1. Summary
1.1 On-Chip Components
1.2 Power Supply Summary
1.3 Confidence Level
2. Settings
2.1 Environment
2.2 Clock Constraints
3. Detailed Reports
3.1 By Hierarchy

1. Summary
----------

+--------------------------+--------------+
| Total On-Chip Power (W)  | 18.036       |
| Design Power Budget (W)  | Unspecified* |
| Power Budget Margin (W)  | NA           |
| Dynamic (W)              | 3.431        |
| Device Static (W)        | 14.605       |
| Effective TJA (C/W)      | 4.2          |
| Max Ambient (C)          | 25.0         |
| Junction Temperature (C) | 100.0        |
| Confidence Level         | Low          |
| Setting File             | ---          |
| Simulation Activity File | ---          |
| Design Nets Matched      | NA           |
+--------------------------+--------------+
* Specify Design Power Budget using, set_operating_conditions -design_power_budget <value in Watts>


1.1 On-Chip Components
----------------------

+-------------------------+-----------+----------+-----------+-----------------+
| On-Chip                 | Power (W) | Used     | Available | Utilization (%) |
+-------------------------+-----------+----------+-----------+-----------------+
| Clocks                  |     0.023 |       11 |       --- |             --- |
| Logic                   |     0.004 |     2452 |       --- |             --- |
|   LUT as Logic          |     0.004 |      879 |    899840 |            0.10 |
|   CLE FF Register       |    <0.001 |      953 |   1799680 |            0.05 |
|   LUT as Shift Register |    <0.001 |       12 |    449920 |           <0.01 |
|   Others                |     0.000 |      293 |       --- |             --- |
| Signals                 |     0.019 |     9593 |       --- |             --- |
| MMCM                    |     0.073 |        0 |       --- |             --- |
| XPLL                    |     0.230 |        3 |        24 |           12.50 |
| I/O                     |     1.213 |      118 |       --- |             --- |
| NoC-DDRMC               |     0.521 |        2 |       --- |             --- |
|   NoC                   |     0.327 |        1 |       --- |             --- |
|   DDRMC                 |     0.194 |        1 |         4 |           25.00 |
| PS9                     |     1.349 |        1 |       --- |             --- |
| Static Power            |    14.605 |          |           |                 |
|   PS Static             |     0.197 |          |           |                 |
|   PL Static             |    14.408 |          |           |                 |
| Total                   |    18.036 |          |           |                 |
+-------------------------+-----------+----------+-----------+-----------------+


1.2 Power Supply Summary
------------------------

+-------------+-------------+-----------+-------------+------------+-------------+-------------+------------+
| Source      | Voltage (V) | Total (A) | Dynamic (A) | Static (A) | Powerup (A) | Budget (A)  | Margin (A) |
+-------------+-------------+-----------+-------------+------------+-------------+-------------+------------+
| Vccint      |       0.800 |    12.546 |       0.044 |     12.502 |       NA    | Unspecified | NA         |
| VCC_SOC     |       0.800 |     1.986 |       0.659 |      1.326 |       NA    | Unspecified | NA         |
| VCC_IO      |       0.800 |     0.906 |       0.719 |      0.187 |       NA    | Unspecified | NA         |
| VCCRAM      |       0.800 |     0.132 |       0.055 |      0.076 |       NA    | Unspecified | NA         |
| Vccaux      |       1.500 |     2.297 |       0.262 |      2.035 |       NA    | Unspecified | NA         |
| VCC_PMC     |       0.800 |     0.309 |       0.265 |      0.045 |       NA    | Unspecified | NA         |
| VCCO_503    |       3.300 |     0.003 |       0.000 |      0.003 |       NA    | Unspecified | NA         |
| VCCO_500    |       1.800 |     0.058 |       0.058 |      0.000 |       NA    | Unspecified | NA         |
| VCCO_501    |       1.800 |     0.000 |       0.000 |      0.000 |       NA    | Unspecified | NA         |
| VCCO_502    |       1.800 |     0.038 |       0.037 |      0.001 |       NA    | Unspecified | NA         |
| VCCAUX_PMC  |       1.500 |     0.070 |       0.068 |      0.002 |       NA    | Unspecified | NA         |
| VCCAUX_SMON |       1.500 |     0.003 |       0.000 |      0.003 |       NA    | Unspecified | NA         |
| VCC_PSLP    |       0.800 |     0.306 |       0.215 |      0.092 |       NA    | Unspecified | NA         |
| VCC_PSFP    |       0.800 |     1.018 |       0.865 |      0.153 |       NA    | Unspecified | NA         |
| Vcco33      |       3.300 |     0.000 |       0.000 |      0.000 |       NA    | Unspecified | NA         |
| Vcco25      |       2.500 |     0.000 |       0.000 |      0.000 |       NA    | Unspecified | NA         |
| Vcco18      |       1.800 |     0.000 |       0.000 |      0.000 |       NA    | Unspecified | NA         |
| Vcco15      |       1.500 |     0.008 |       0.001 |      0.007 |       NA    | Unspecified | NA         |
| Vcco135     |       1.350 |     0.000 |       0.000 |      0.000 |       NA    | Unspecified | NA         |
| Vcco12      |       1.200 |     0.439 |       0.422 |      0.017 |       NA    | Unspecified | NA         |
| Vcco11      |       1.100 |     0.000 |       0.000 |      0.000 |       NA    | Unspecified | NA         |
| Vcco10      |       1.000 |     0.000 |       0.000 |      0.000 |       NA    | Unspecified | NA         |
| VCC_FUSE    |       1.800 |     0.000 |       0.000 |      0.000 |       NA    | Unspecified | NA         |
| VCC_BATT    |       1.500 |     0.000 |       0.000 |      0.000 |       NA    | Unspecified | NA         |
| GTY_AVCCAUX |       1.500 |     0.000 |       0.000 |      0.000 |       NA    | Unspecified | NA         |
| GTY_AVCC    |       0.880 |     0.000 |       0.000 |      0.000 |       NA    | Unspecified | NA         |
| GTY_AVTT    |       1.200 |     0.000 |       0.000 |      0.000 |       NA    | Unspecified | NA         |
+-------------+-------------+-----------+-------------+------------+-------------+-------------+------------+


1.3 Confidence Level
--------------------

+-----------------------------+------------+--------------------------------------------------------+--------------------------------------------------------------------------------------------------------------------+
| User Input Data             | Confidence | Details                                                | Action                                                                                                             |
+-----------------------------+------------+--------------------------------------------------------+--------------------------------------------------------------------------------------------------------------------+
| Design implementation state | High       | Design is routed                                       |                                                                                                                    |
| Clock nodes activity        | Medium     | More than 5% of clocks are missing user specification  | Provide missing clock activity with a constraint file, simulation results or by editing the "By Clock Domain" view |
| I/O nodes activity          | Low        | More than 75% of inputs are missing user specification | Provide missing input activity with simulation results or by editing the "By Resource Type -> I/Os" view           |
| Internal nodes activity     | Medium     | User specified less than 25% of internal nodes         | Provide missing internal nodes activity with simulation results or by editing the "By Resource Type" views         |
| Device models               | High       | Device models are Production                           |                                                                                                                    |
|                             |            |                                                        |                                                                                                                    |
| Overall confidence level    | Low        |                                                        |                                                                                                                    |
+-----------------------------+------------+--------------------------------------------------------+--------------------------------------------------------------------------------------------------------------------+


2. Settings
-----------

2.1 Environment
---------------

+------------------+------+
| Ambient Temp (C) | 25.0 |
| ThetaJA (C/W)    | 4.2  |
+------------------+------+


2.2 Clock Constraints
---------------------

+--------------------------+-----------------------------------------------------------------------------------+-----------------+
| Clock                    | Domain                                                                            | Constraint (ns) |
+--------------------------+-----------------------------------------------------------------------------------+-----------------+
| bank1_clkout0            | design_1_i/axi_noc_0/inst/MC0_ddrc/inst/noc_ddr4_phy/inst/bank1_clkout0           |             1.2 |
| bank1_xpll0_fifo_rd_clk  | design_1_i/axi_noc_0/inst/MC0_ddrc/inst/noc_ddr4_phy/inst/bank1_xpll0_fifo_rd_clk |             1.2 |
| clk_pl_0                 | design_1_i/versal_cips_0/inst/pspmc_0/inst/pmc_pl_ref_clk[0]                      |             3.4 |
| clkout1_primitive        | design_1_i/clk_wizard_0/inst/clock_primitive_inst/clkout1_primitive               |             3.3 |
| ddr4_dimm1_sma_clk_clk_p | ddr4_dimm1_sma_clk_clk_p                                                          |             5.0 |
| mc_clk_xpll              | design_1_i/axi_noc_0/inst/MC0_ddrc/inst/noc_ddr4_phy/inst/mc_clk_xpll             |             1.2 |
| pll_clk_xpll             | design_1_i/axi_noc_0/inst/MC0_ddrc/inst/noc_ddr4_phy/inst/pll_clk_xpll            |             0.3 |
| pll_clktoxphy[0]         | design_1_i/axi_noc_0/inst/MC0_ddrc/inst/noc_ddr4_phy/inst/pll_clktoxphy[0]        |             0.3 |
| pll_clktoxphy[2]         | design_1_i/axi_noc_0/inst/MC0_ddrc/inst/noc_ddr4_phy/inst/pll_clktoxphy[2]        |             0.3 |
+--------------------------+-----------------------------------------------------------------------------------+-----------------+


3. Detailed Reports
-------------------

3.1 By Hierarchy
----------------

+--------------------+-----------+
| Name               | Power (W) |
+--------------------+-----------+
| design_1_wrapper   |     3.431 |
|   design_1_i       |     3.431 |
|     axi_gpio_0     |     0.001 |
|       U0           |     0.001 |
|     axi_noc_0      |     1.982 |
|       inst         |     1.982 |
|     axi_smc        |     0.020 |
|       inst         |     0.020 |
|     axi_uartlite_0 |     0.002 |
|       U0           |     0.002 |
|     clk_wizard_0   |     0.075 |
|       inst         |     0.075 |
|     versal_cips_0  |     1.350 |
|       inst         |     1.350 |
+--------------------+-----------+


