11:43:38 **** Incremental Build of configuration Debug for project hello_world_a72 ****
make all 
Building file: ../src/helloworld.c
Invoking: ARM v8 gcc compiler
aarch64-none-elf-gcc -Wall -O0 -g3 -c -fmessage-length=0 -MT"src/helloworld.o" -mcpu=cortex-a72 -I/home/dewsjoe/Desktop/projects_2022.1/projects_ldg/wspace_ldg_1/vck190_platform/export/vck190_platform/sw/vck190_platform/standalone_domain/bspinclude/include -MMD -MP -MF"src/helloworld.d" -MT"src/helloworld.o" -o "src/helloworld.o" "../src/helloworld.c"
../src/helloworld.c: In function 'main':
../src/helloworld.c:56:5: warning: implicit declaration of function 'sleep' [-Wimplicit-function-declaration]
   56 |     sleep (1);
      |     ^~~~~
Finished building: ../src/helloworld.c
 
Building file: ../src/platform.c
Invoking: ARM v8 gcc compiler
aarch64-none-elf-gcc -Wall -O0 -g3 -c -fmessage-length=0 -MT"src/platform.o" -mcpu=cortex-a72 -I/home/dewsjoe/Desktop/projects_2022.1/projects_ldg/wspace_ldg_1/vck190_platform/export/vck190_platform/sw/vck190_platform/standalone_domain/bspinclude/include -MMD -MP -MF"src/platform.d" -MT"src/platform.o" -o "src/platform.o" "../src/platform.c"
Finished building: ../src/platform.c
 
Building target: hello_world_a72.elf
Invoking: ARM v8 gcc linker
aarch64-none-elf-gcc -mcpu=cortex-a72 -Wl,-T -Wl,../src/lscript.ld -L/home/dewsjoe/Desktop/projects_2022.1/projects_ldg/wspace_ldg_1/vck190_platform/export/vck190_platform/sw/vck190_platform/standalone_domain/bsplib/lib -o "hello_world_a72.elf" ./src/helloworld.o ./src/platform.o   -Wl,--start-group,-lxil,-lgcc,-lc,--end-group
Finished building target: hello_world_a72.elf
 
Invoking: ARM v8 Print Size
aarch64-none-elf-size hello_world_a72.elf  |tee "hello_world_a72.elf.size"
   text	   data	    bss	    dec	    hex	filename
 157724	   2048	  20652	 180424	  2c0c8	hello_world_a72.elf
Finished building: hello_world_a72.elf.size
 

11:43:39 Build Finished (took 727ms)

